// Jest Snapshot v1, https://goo.gl/fbAQLP

exports[`renders button text 1`] = `
<button
  className="button"
  data-testid="button"
>
  <span>
    test btn
  </span>
</button>
`;
